[INFO] Scanning for projects...
[INFO] 
[INFO] ---------------------< com.bcnc.ecomerce:ecomerce >---------------------
[INFO] Building  0.0.1-SNAPSHOT
[INFO]   from pom.xml
[INFO] --------------------------------[ jar ]---------------------------------
[INFO] 
[INFO] >>> spring-boot:4.1.0:run (default-cli) > test-compile @ ecomerce >>>
[INFO] 
[INFO] --- resources:3.5.0:resources (default-resources) @ ecomerce ---
[INFO] Copying 1 resource from src\main\resources to target\classes
[INFO] Copying 2 resources from src\main\resources to target\classes
[INFO] 
[INFO] --- compiler:3.15.0:compile (default-compile) @ ecomerce ---
[INFO] Nothing to compile - all classes are up to date.
[INFO] 
[INFO] --- resources:3.5.0:testResources (default-testResources) @ ecomerce ---
[INFO] skip non existing resourceDirectory C:\trabajo\BCNC\catalog\BCNC\src\test\resources
[INFO] 
[INFO] --- compiler:3.15.0:testCompile (default-testCompile) @ ecomerce ---
[INFO] Nothing to compile - all classes are up to date.
[INFO] 
[INFO] <<< spring-boot:4.1.0:run (default-cli) < test-compile @ ecomerce <<<
[INFO] 
[INFO] 
[INFO] --- spring-boot:4.1.0:run (default-cli) @ ecomerce ---
[INFO] Attaching agents: []

  .   ____          _            __ _ _
 /\\ / ___'_ __ _ _(_)_ __  __ _ \ \ \ \
( ( )\___ | '_ | '_| | '_ \/ _` | \ \ \ \
 \\/  ___)| |_)| | | | | || (_| |  ) ) ) )
  '  |____| .__|_| |_|_| |_\__, | / / / /
 =========|_|==============|___/=/_/_/_/

 :: Spring Boot ::                (v4.1.0)

2026-07-16T16:16:48.216+02:00  INFO 14156 --- [ecomerce] [  restartedMain] c.b.e.catalog.EcomerceApplication        : Starting EcomerceApplication using Java 21.0.9 with PID 14156 (C:\trabajo\BCNC\catalog\BCNC\target\classes started by aecr1 in C:\trabajo\BCNC\catalog\BCNC)
2026-07-16T16:16:48.220+02:00  INFO 14156 --- [ecomerce] [  restartedMain] c.b.e.catalog.EcomerceApplication        : No active profile set, falling back to 1 default profile: "default"
2026-07-16T16:16:48.262+02:00  INFO 14156 --- [ecomerce] [  restartedMain] .e.DevToolsPropertyDefaultsPostProcessor : Devtools property defaults active! Set 'spring.devtools.add-properties' to 'false' to disable
2026-07-16T16:16:48.262+02:00  INFO 14156 --- [ecomerce] [  restartedMain] .e.DevToolsPropertyDefaultsPostProcessor : For additional web related logging consider setting the 'logging.level.web' property to 'DEBUG'
2026-07-16T16:16:48.781+02:00  INFO 14156 --- [ecomerce] [  restartedMain] .s.d.r.c.RepositoryConfigurationDelegate : Bootstrapping Spring Data JPA repositories in DEFAULT mode.
2026-07-16T16:16:48.822+02:00  INFO 14156 --- [ecomerce] [  restartedMain] .s.d.r.c.RepositoryConfigurationDelegate : Finished Spring Data repository scanning in 33 ms. Found 1 JPA repository interface.
2026-07-16T16:16:49.264+02:00  INFO 14156 --- [ecomerce] [  restartedMain] o.s.boot.tomcat.TomcatWebServer          : Tomcat initialized with port 8080 (http)
2026-07-16T16:16:49.288+02:00  INFO 14156 --- [ecomerce] [  restartedMain] o.apache.catalina.core.StandardService   : Starting service [Tomcat]
2026-07-16T16:16:49.288+02:00  INFO 14156 --- [ecomerce] [  restartedMain] o.apache.catalina.core.StandardEngine    : Starting Servlet engine: [Apache Tomcat/11.0.22]
2026-07-16T16:16:49.322+02:00  INFO 14156 --- [ecomerce] [  restartedMain] b.w.c.s.WebApplicationContextInitializer : Root WebApplicationContext: initialization completed in 1058 ms
2026-07-16T16:16:49.461+02:00  INFO 14156 --- [ecomerce] [  restartedMain] org.hibernate.orm.jpa                    : HHH008540: Processing PersistenceUnitInfo [name: default]
2026-07-16T16:16:49.512+02:00  INFO 14156 --- [ecomerce] [  restartedMain] org.hibernate.orm.core                   : HHH000001: Hibernate ORM core version 7.4.1.Final
2026-07-16T16:16:49.868+02:00  INFO 14156 --- [ecomerce] [  restartedMain] o.s.o.j.p.SpringPersistenceUnitInfo      : No LoadTimeWeaver setup: ignoring JPA class transformer
2026-07-16T16:16:49.898+02:00  INFO 14156 --- [ecomerce] [  restartedMain] com.zaxxer.hikari.HikariDataSource       : HikariPool-1 - Starting...
2026-07-16T16:16:50.088+02:00  INFO 14156 --- [ecomerce] [  restartedMain] com.zaxxer.hikari.pool.HikariPool        : HikariPool-1 - Added connection conn0: url=jdbc:h2:mem:testdb user=SA
2026-07-16T16:16:50.089+02:00  INFO 14156 --- [ecomerce] [  restartedMain] com.zaxxer.hikari.HikariDataSource       : HikariPool-1 - Start completed.
2026-07-16T16:16:50.145+02:00  INFO 14156 --- [ecomerce] [  restartedMain] org.hibernate.orm.connections.pooling    : HHH10001005: Database info:
	Database JDBC URL [jdbc:h2:mem:testdb]
	Database driver: H2 JDBC Driver
	Database dialect: H2Dialect
	Database version: 2.4.240
	Default catalog/schema: TESTDB/PUBLIC
	Autocommit mode: undefined/unknown
	Isolation level: READ_COMMITTED [default READ_COMMITTED]
	JDBC fetch size: 100
	Pool: DataSourceConnectionProvider
	Minimum pool size: undefined/unknown
	Maximum pool size: undefined/unknown
2026-07-16T16:16:51.106+02:00  INFO 14156 --- [ecomerce] [  restartedMain] org.hibernate.orm.core                   : HHH000489: No JTA platform available (set 'hibernate.transaction.jta.platform' to enable JTA platform integration)
Hibernate: 
    drop table if exists prices cascade 
Hibernate: 
    create table prices (
        curr varchar(3) not null,
        price numeric(10,2) not null,
        priority integer not null,
        brand_id bigint not null,
        end_date timestamp(6) not null,
        id bigint generated by default as identity,
        price_list bigint not null,
        product_id bigint not null,
        start_date timestamp(6) not null,
        primary key (id)
    )
2026-07-16T16:16:51.144+02:00  INFO 14156 --- [ecomerce] [  restartedMain] j.LocalContainerEntityManagerFactoryBean : Initialized JPA EntityManagerFactory for persistence unit 'default'
2026-07-16T16:16:51.209+02:00  INFO 14156 --- [ecomerce] [  restartedMain] o.s.d.j.r.query.QueryEnhancerFactories   : Hibernate is in classpath; If applicable, HQL parser will be used.
2026-07-16T16:16:51.331+02:00  WARN 14156 --- [ecomerce] [  restartedMain] JpaBaseConfiguration$JpaWebConfiguration : spring.jpa.open-in-view is enabled by default. Therefore, database queries may be performed during view rendering. Explicitly configure spring.jpa.open-in-view to disable this warning
2026-07-16T16:16:51.690+02:00  INFO 14156 --- [ecomerce] [  restartedMain] o.s.b.h.a.H2ConsoleAutoConfiguration     : H2 console available at '/h2-console'. Database available at 'jdbc:h2:mem:testdb'
2026-07-16T16:16:51.780+02:00  INFO 14156 --- [ecomerce] [  restartedMain] o.s.boot.tomcat.TomcatWebServer          : Tomcat started on port 8080 (http) with context path '/'
2026-07-16T16:16:51.787+02:00  INFO 14156 --- [ecomerce] [  restartedMain] c.b.e.catalog.EcomerceApplication        : Started EcomerceApplication in 3.952 seconds (process running for 4.337)
2026-07-16T16:16:51.790+02:00  INFO 14156 --- [ecomerce] [  restartedMain] c.b.e.catalog.config.PriceDataLoader     : Loading initial price data from JSON...
Hibernate: 
    insert 
    into
        prices
        (brand_id, curr, end_date, price, price_list, priority, product_id, start_date, id) 
    values
        (?, ?, ?, ?, ?, ?, ?, ?, default)
Hibernate: 
    insert 
    into
        prices
        (brand_id, curr, end_date, price, price_list, priority, product_id, start_date, id) 
    values
        (?, ?, ?, ?, ?, ?, ?, ?, default)
Hibernate: 
    insert 
    into
        prices
        (brand_id, curr, end_date, price, price_list, priority, product_id, start_date, id) 
    values
        (?, ?, ?, ?, ?, ?, ?, ?, default)
Hibernate: 
    insert 
    into
        prices
        (brand_id, curr, end_date, price, price_list, priority, product_id, start_date, id) 
    values
        (?, ?, ?, ?, ?, ?, ?, ?, default)
Hibernate: 
    select
        count(*) 
    from
        prices pe1_0
2026-07-16T16:16:52.363+02:00  INFO 14156 --- [ecomerce] [  restartedMain] c.b.e.catalog.config.PriceDataLoader     : Price data loaded successfully! Total records: 4
[INFO] ------------------------------------------------------------------------
[INFO] BUILD FAILURE
[INFO] ------------------------------------------------------------------------
[INFO] Total time:  09:24 min
[INFO] Finished at: 2026-07-16T16:26:10+02:00
[INFO] ------------------------------------------------------------------------
[ERROR] Failed to execute goal org.springframework.boot:spring-boot-maven-plugin:4.1.0:run (default-cli) on project ecomerce: Process terminated with exit code: 1 -> [Help 1]
[ERROR] 
[ERROR] To see the full stack trace of the errors, re-run Maven with the -e switch.
[ERROR] Re-run Maven using the -X switch to enable full debug logging.
[ERROR] 
[ERROR] For more information about the errors and possible solutions, please read the following articles:
[ERROR] [Help 1] http://cwiki.apache.org/confluence/display/MAVEN/MojoExecutionException
